Initializing cgroup subsys cpuset
Initializing cgroup subsys cpu
Linux version 2.6.32-642.3.1.el6.x86_64 (mockbuild@lxsoft24.cern.ch) (gcc version 4.4.7 20120313 (Red Hat 4.4.7-17) (GCC) ) #1 SMP Wed Jul 13 10:27:00 CEST 2016
Command line: ro root=/dev/mapper/vg_pcatl03-lv_root rd_NO_LUKS LANG=en_US.UTF-8  KEYBOARDTYPE=pc KEYTABLE=it rd_NO_MD SYSFONT=latarcyrheb-sun16 rd_LVM_LV=vg_pcatl03/lv_swap rd_LVM_LV=vg_pcatl03/lv_root rd_NO_DM rhgb quiet crashkernel=auto
KERNEL supported cpus:
  Intel GenuineIntel
  AMD AuthenticAMD
  Centaur CentaurHauls
BIOS-provided physical RAM map:
 BIOS-e820: 0000000000000000 - 000000000009ec00 (usable)
 BIOS-e820: 000000000009ec00 - 00000000000a0000 (reserved)
 BIOS-e820: 00000000000e0000 - 0000000000100000 (reserved)
 BIOS-e820: 0000000000100000 - 00000000bf536000 (usable)
 BIOS-e820: 00000000bf536000 - 00000000bf58d000 (ACPI NVS)
 BIOS-e820: 00000000bf58d000 - 00000000bf5ad000 (reserved)
 BIOS-e820: 00000000bf5ad000 - 00000000bf5be000 (ACPI NVS)
 BIOS-e820: 00000000bf5be000 - 00000000bf5d2000 (reserved)
 BIOS-e820: 00000000bf5d2000 - 00000000bf5d4000 (usable)
 BIOS-e820: 00000000bf5d4000 - 00000000bf5d5000 (ACPI NVS)
 BIOS-e820: 00000000bf5d5000 - 00000000bf5dd000 (reserved)
 BIOS-e820: 00000000bf5dd000 - 00000000bf5e7000 (ACPI NVS)
 BIOS-e820: 00000000bf5e7000 - 00000000bf641000 (reserved)
 BIOS-e820: 00000000bf641000 - 00000000bf684000 (ACPI NVS)
 BIOS-e820: 00000000bf684000 - 00000000bf800000 (usable)
 BIOS-e820: 00000000fed1c000 - 00000000fed20000 (reserved)
 BIOS-e820: 00000000ff000000 - 0000000100000000 (reserved)
 BIOS-e820: 0000000100000000 - 000000023f800000 (usable)
SMBIOS version 2.6 @ 0xF0450
SMBIOS 2.6 present.
DMI: System manufacturer System Product Name/P8H61-M LX, BIOS 0601 08/31/2011
AMI BIOS detected: BIOS may corrupt low RAM, working around it.
e820 update range: 0000000000000000 - 0000000000010000 (usable) ==> (reserved)
e820 update range: 0000000000000000 - 0000000000001000 (usable) ==> (reserved)
e820 remove range: 00000000000a0000 - 0000000000100000 (usable)
last_pfn = 0x23f800 max_arch_pfn = 0x400000000
x86 PAT enabled: cpu 0, old 0x7040600070406, new 0x7010600070106
original variable MTRRs
reg 0, base: 0GB, range: 8GB, type WB
reg 1, base: 8GB, range: 1GB, type WB
reg 2, base: 3GB, range: 1GB, type UC
reg 3, base: 9208MB, range: 8MB, type UC
total RAM covered: 8184M
Found optimal setting for mtrr clean up
 gran_size: 64K 	chunk_size: 16M 	num_reg: 5  	lose cover RAM: 0G
New variable MTRRs
reg 0, base: 0GB, range: 2GB, type WB
reg 1, base: 2GB, range: 1GB, type WB
reg 2, base: 4GB, range: 4GB, type WB
reg 3, base: 8GB, range: 1GB, type WB
reg 4, base: 9208MB, range: 8MB, type UC
e820 update range: 00000000c0000000 - 0000000100000000 (usable) ==> (reserved)
last_pfn = 0xbf800 max_arch_pfn = 0x400000000
initial memory mapped : 0 - 20000000
init_memory_mapping: 0000000000000000-00000000bf800000
 0000000000 - 00bf800000 page 2M
kernel direct mapping tables up to bf800000 @ 10000-14000
Use unified mapping for non-reserved e820 regions.
init_memory_mapping: 0000000100000000-000000023f800000
 0100000000 - 023f800000 page 2M
kernel direct mapping tables up to 23f800000 @ 12000-18000
RAMDISK: 369ea000 - 37fef817
ACPI: Deleted _OSI()
ACPI: Deleted _OSI()
ACPI: RSDP 00000000000f0420 00024 (v02 ALASKA)
ACPI: XSDT 00000000bf580068 0004C (v01 ALASKA    A M I 01072009 AMI  00010013)
ACPI: FACP 00000000bf5892c0 000F4 (v04 ALASKA    A M I 01072009 AMI  00010013)
ACPI: DSDT 00000000bf580140 0917D (v02 ALASKA    A M I 00000000 INTL 20051117)
ACPI: FACS 00000000bf5def80 00040
ACPI: APIC 00000000bf5893b8 00072 (v03 ALASKA    A M I 01072009 AMI  00010013)
ACPI: SSDT 00000000bf589430 00102 (v01 AMICPU     PROC 00000001 MSFT 03000001)
ACPI: MCFG 00000000bf589538 0003C (v01 ALASKA    A M I 01072009 MSFT 00000097)
ACPI: HPET 00000000bf589578 00038 (v01 ALASKA    A M I 01072009 AMI. 00000004)
ACPI: Local APIC address 0xfee00000
Setting APIC routing to flat.
No NUMA configuration found
Faking a node at 0000000000000000-000000023f800000
Bootmem setup node 0 0000000000000000-000000023f800000
  NODE_DATA [0000000000017000 - 000000000004afff]
  bootmap [000000000004b000 -  0000000000092eff] pages 48
(8 early reservations) ==> bootmem [0000000000 - 023f800000]
  #0 [0000000000 - 0000001000]   BIOS data page ==> [0000000000 - 0000001000]
  #1 [0000006000 - 0000008000]       TRAMPOLINE ==> [0000006000 - 0000008000]
  #2 [0001000000 - 0002044924]    TEXT DATA BSS ==> [0001000000 - 0002044924]
  #3 [00369ea000 - 0037fef817]          RAMDISK ==> [00369ea000 - 0037fef817]
  #4 [000009ec00 - 0000100000]    BIOS reserved ==> [000009ec00 - 0000100000]
  #5 [0002045000 - 000204539e]              BRK ==> [0002045000 - 000204539e]
  #6 [0000010000 - 0000012000]          PGTABLE ==> [0000010000 - 0000012000]
  #7 [0000012000 - 0000017000]          PGTABLE ==> [0000012000 - 0000017000]
found SMP MP-table at [ffff8800000fccb0] fccb0
Reserving 129MB of memory at 48MB for crashkernel (System RAM: 9208MB)
 [ffffea0000000000-ffffea0007dfffff] PMD -> [ffff880028600000-ffff88002f5fffff] on node 0
Zone PFN ranges:
  DMA      0x00000010 -> 0x00001000
  DMA32    0x00001000 -> 0x00100000
  Normal   0x00100000 -> 0x0023f800
Movable zone start PFN for each node
early_node_map[5] active PFN ranges
    0: 0x00000010 -> 0x0000009e
    0: 0x00000100 -> 0x000bf536
    0: 0x000bf5d2 -> 0x000bf5d4
    0: 0x000bf684 -> 0x000bf800
    0: 0x00100000 -> 0x0023f800
On node 0 totalpages: 2092610
  DMA zone: 56 pages used for memmap
  DMA zone: 107 pages reserved
  DMA zone: 3819 pages, LIFO batch:0
  DMA32 zone: 14280 pages used for memmap
  DMA32 zone: 765676 pages, LIFO batch:31
  Normal zone: 17892 pages used for memmap
  Normal zone: 1290780 pages, LIFO batch:31
ACPI: PM-Timer IO Port: 0x408
ACPI: Local APIC address 0xfee00000
Setting APIC routing to flat.
ACPI: LAPIC (acpi_id[0x01] lapic_id[0x00] enabled)
ACPI: LAPIC (acpi_id[0x02] lapic_id[0x02] enabled)
ACPI: LAPIC (acpi_id[0x03] lapic_id[0x04] enabled)
ACPI: LAPIC (acpi_id[0x04] lapic_id[0x06] enabled)
ACPI: LAPIC_NMI (acpi_id[0xff] high edge lint[0x1])
ACPI: IOAPIC (id[0x00] address[0xfec00000] gsi_base[0])
IOAPIC[0]: apic_id 0, version 32, address 0xfec00000, GSI 0-23
ACPI: INT_SRC_OVR (bus 0 bus_irq 0 global_irq 2 dfl dfl)
ACPI: INT_SRC_OVR (bus 0 bus_irq 9 global_irq 9 high level)
ACPI: IRQ0 used by override.
ACPI: IRQ2 used by override.
ACPI: IRQ9 used by override.
Using ACPI (MADT) for SMP configuration information
ACPI: HPET id: 0x8086a701 base: 0xfed00000
SMP: Allowing 4 CPUs, 0 hotplug CPUs
nr_irqs_gsi: 24
PM: Registered nosave memory: 000000000009e000 - 000000000009f000
PM: Registered nosave memory: 000000000009f000 - 00000000000a0000
PM: Registered nosave memory: 00000000000a0000 - 00000000000e0000
PM: Registered nosave memory: 00000000000e0000 - 0000000000100000
PM: Registered nosave memory: 00000000bf536000 - 00000000bf58d000
PM: Registered nosave memory: 00000000bf58d000 - 00000000bf5ad000
PM: Registered nosave memory: 00000000bf5ad000 - 00000000bf5be000
PM: Registered nosave memory: 00000000bf5be000 - 00000000bf5d2000
PM: Registered nosave memory: 00000000bf5d4000 - 00000000bf5d5000
PM: Registered nosave memory: 00000000bf5d5000 - 00000000bf5dd000
PM: Registered nosave memory: 00000000bf5dd000 - 00000000bf5e7000
PM: Registered nosave memory: 00000000bf5e7000 - 00000000bf641000
PM: Registered nosave memory: 00000000bf641000 - 00000000bf684000
PM: Registered nosave memory: 00000000bf800000 - 00000000fed1c000
PM: Registered nosave memory: 00000000fed1c000 - 00000000fed20000
PM: Registered nosave memory: 00000000fed20000 - 00000000ff000000
PM: Registered nosave memory: 00000000ff000000 - 0000000100000000
Allocating PCI resources starting at bf800000 (gap: bf800000:3f51c000)
Booting paravirtualized kernel on bare hardware
NR_CPUS:4096 nr_cpumask_bits:4 nr_cpu_ids:4 nr_node_ids:1
PERCPU: Embedded 31 pages/cpu @ffff880028200000 s96600 r8192 d22184 u524288
pcpu-alloc: s96600 r8192 d22184 u524288 alloc=1*2097152
pcpu-alloc: [0] 0 1 2 3 
Built 1 zonelists in Zone order, mobility grouping on.  Total pages: 2060275
Policy zone: Normal
Kernel command line: ro root=/dev/mapper/vg_pcatl03-lv_root rd_NO_LUKS LANG=en_US.UTF-8  KEYBOARDTYPE=pc KEYTABLE=it rd_NO_MD SYSFONT=latarcyrheb-sun16 rd_LVM_LV=vg_pcatl03/lv_swap rd_LVM_LV=vg_pcatl03/lv_root rd_NO_DM rhgb quiet crashkernel=129M@0M
PID hash table entries: 4096 (order: 3, 32768 bytes)
x86/fpu: xstate_offset[2]: 0240, xstate_sizes[2]: 0100
xsave/xrstor: enabled xstate_bv 0x7, cntxt size 0x340
Memory: 8017376k/9428992k available (5454k kernel code, 1058552k absent, 353064k reserved, 6964k data, 1316k init)
Hierarchical RCU implementation.
NR_IRQS:33024 nr_irqs:440
Extended CMOS year: 2000
Console: colour VGA+ 80x25
console [tty0] enabled
allocated 33554432 bytes of page_cgroup
please try 'cgroup_disable=memory' option if you don't want memory cgroups
hpet clockevent registered
Fast TSC calibration using PIT
Detected 3292.569 MHz processor.
Calibrating delay loop (skipped), value calculated using timer frequency.. 6585.13 BogoMIPS (lpj=3292569)
pid_max: default: 32768 minimum: 301
Security Framework initialized
SELinux:  Initializing.
SELinux:  Starting in permissive mode
Dentry cache hash table entries: 1048576 (order: 11, 8388608 bytes)
Inode-cache hash table entries: 524288 (order: 10, 4194304 bytes)
Mount-cache hash table entries: 256
Initializing cgroup subsys ns
Initializing cgroup subsys cpuacct
Initializing cgroup subsys memory
Initializing cgroup subsys devices
Initializing cgroup subsys freezer
Initializing cgroup subsys net_cls
Initializing cgroup subsys blkio
Initializing cgroup subsys perf_event
Initializing cgroup subsys net_prio
CPU: Physical Processor ID: 0
CPU: Processor Core ID: 0
mce: CPU supports 9 MCE banks
CPU0: Thermal monitoring enabled (TM1)
using mwait in idle threads.
ACPI: Core revision 20090903
ftrace: converting mcount calls to 0f 1f 44 00 00
ftrace: allocating 22343 entries in 88 pages
x2apic not enabled, IRQ remapping init failed
APIC routing finalized to flat.
..TIMER: vector=0x30 apic1=0 pin1=2 apic2=-1 pin2=-1
CPU0: Intel(R) Core(TM) i5-2500 CPU @ 3.30GHz stepping 07
Performance Events: PEBS fmt1+, 16-deep LBR, SandyBridge events, full-width counters, Intel PMU driver.
PEBS disabled due to CPU errata, please upgrade microcode
... version:                3
... bit width:              48
... generic registers:      8
... value mask:             0000ffffffffffff
... max period:             0000ffffffffffff
... fixed-purpose events:   3
... event mask:             00000007000000ff
NMI watchdog enabled, takes one hw-pmu counter.
Booting Node   0, Processors  #1 #2 #3 Ok.
Brought up 4 CPUs
Total of 4 processors activated (26340.55 BogoMIPS).
sizeof(vma)=200 bytes
sizeof(page)=56 bytes
sizeof(inode)=592 bytes
sizeof(dentry)=192 bytes
sizeof(ext3inode)=800 bytes
sizeof(buffer_head)=104 bytes
sizeof(skbuff)=232 bytes
sizeof(task_struct)=2672 bytes
devtmpfs: initialized
PM: Registering ACPI NVS region at bf536000 (356352 bytes)
PM: Registering ACPI NVS region at bf5ad000 (69632 bytes)
PM: Registering ACPI NVS region at bf5d4000 (4096 bytes)
PM: Registering ACPI NVS region at bf5dd000 (40960 bytes)
PM: Registering ACPI NVS region at bf641000 (274432 bytes)
regulator: core version 0.5
NET: Registered protocol family 16
ACPI: bus type pci registered
PCI: MCFG configuration 0: base e0000000 segment 0 buses 0 - 63
PCI: Not using MMCONFIG.
PCI: Using configuration type 1 for base access
NMI watchdog enabled, takes one hw-pmu counter.
PMU erratum BJ122, BV98, HSD29 workaround disabled, HT off
bio: create slab <bio-0> at 0
ACPI: EC: Look up EC in DSDT
ACPI: Executed 1 blocks of module-level executable AML code
ACPI Error (psargs-0359): [RAMB] Namespace lookup failure, AE_NOT_FOUND
ACPI Exception: AE_NOT_FOUND, Could not execute arguments for [RAMW] (Region) (20090903/nsinit-347)
ACPI: Interpreter enabled
ACPI: (supports S0 S1 S3 S4 S5)
ACPI: Using IOAPIC for interrupt routing
PCI: MCFG configuration 0: base e0000000 segment 0 buses 0 - 63
PCI: MCFG area at e0000000 reserved in ACPI motherboard resources
PCI: Using MMCONFIG at e0000000 - e3ffffff
ACPI: BIOS _OSI(Linux) query ignored
ACPI: No dock devices found.
PCI: Using host bridge windows from ACPI; if necessary, use "pci=nocrs" and report a bug
ACPI: PCI Root Bridge [PCI0] (domain 0000 [bus 00-ff])
pci_root PNP0A08:00: host bridge window [io  0x0000-0x0cf7]
pci_root PNP0A08:00: host bridge window [io  0x0d00-0xffff]
pci_root PNP0A08:00: host bridge window [mem 0x000a0000-0x000bffff]
pci_root PNP0A08:00: host bridge window [mem 0x000c8000-0x000dffff]
pci_root PNP0A08:00: host bridge window [mem 0xc0000000-0xffffffff]
pci_root PNP0A08:00: ignoring host bridge window [mem 0x000c8000-0x000dffff] (conflicts with Video ROM [mem 0x000c0000-0x000ce7ff])
PCI host bridge to bus 0000:00
pci_bus 0000:00: root bus resource [io  0x0000-0x0cf7]
pci_bus 0000:00: root bus resource [io  0x0d00-0xffff]
pci_bus 0000:00: root bus resource [mem 0x000a0000-0x000bffff]
pci_bus 0000:00: root bus resource [mem 0xc0000000-0xffffffff]
pci 0000:00:01.0: PME# supported from D0 D3hot D3cold
pci 0000:00:01.0: PME# disabled
pci 0000:00:16.0: reg 10: [mem 0xfe707000-0xfe70700f 64bit]
pci 0000:00:16.0: PME# supported from D0 D3hot D3cold
pci 0000:00:16.0: PME# disabled
pci 0000:00:1a.0: reg 10: [mem 0xfe706000-0xfe7063ff]
pci 0000:00:1a.0: PME# supported from D0 D3hot D3cold
pci 0000:00:1a.0: PME# disabled
pci 0000:00:1b.0: reg 10: [mem 0xfe700000-0xfe703fff 64bit]
pci 0000:00:1b.0: PME# supported from D0 D3hot D3cold
pci 0000:00:1b.0: PME# disabled
pci 0000:00:1c.0: PME# supported from D0 D3hot D3cold
pci 0000:00:1c.0: PME# disabled
pci 0000:00:1c.1: PME# supported from D0 D3hot D3cold
pci 0000:00:1c.1: PME# disabled
pci 0000:00:1c.2: PME# supported from D0 D3hot D3cold
pci 0000:00:1c.2: PME# disabled
pci 0000:00:1c.3: PME# supported from D0 D3hot D3cold
pci 0000:00:1c.3: PME# disabled
pci 0000:00:1c.4: PME# supported from D0 D3hot D3cold
pci 0000:00:1c.4: PME# disabled
pci 0000:00:1c.5: PME# supported from D0 D3hot D3cold
pci 0000:00:1c.5: PME# disabled
pci 0000:00:1d.0: reg 10: [mem 0xfe705000-0xfe7053ff]
pci 0000:00:1d.0: PME# supported from D0 D3hot D3cold
pci 0000:00:1d.0: PME# disabled
pci 0000:00:1f.2: reg 10: [io  0xf0d0-0xf0d7]
pci 0000:00:1f.2: reg 14: [io  0xf0c0-0xf0c3]
pci 0000:00:1f.2: reg 18: [io  0xf0b0-0xf0b7]
pci 0000:00:1f.2: reg 1c: [io  0xf0a0-0xf0a3]
pci 0000:00:1f.2: reg 20: [io  0xf090-0xf09f]
pci 0000:00:1f.2: reg 24: [io  0xf080-0xf08f]
pci 0000:00:1f.3: reg 10: [mem 0xfe704000-0xfe7040ff 64bit]
pci 0000:00:1f.3: reg 20: [io  0xf000-0xf01f]
pci 0000:00:1f.5: reg 10: [io  0xf070-0xf077]
pci 0000:00:1f.5: reg 14: [io  0xf060-0xf063]
pci 0000:00:1f.5: reg 18: [io  0xf050-0xf057]
pci 0000:00:1f.5: reg 1c: [io  0xf040-0xf043]
pci 0000:00:1f.5: reg 20: [io  0xf030-0xf03f]
pci 0000:00:1f.5: reg 24: [io  0xf020-0xf02f]
pci 0000:01:00.0: reg 10: [mem 0xc0000000-0xcfffffff 64bit pref]
pci 0000:01:00.0: reg 18: [mem 0xfe620000-0xfe63ffff 64bit]
pci 0000:01:00.0: reg 20: [io  0xe000-0xe0ff]
pci 0000:01:00.0: reg 30: [mem 0xfe600000-0xfe61ffff pref]
pci 0000:01:00.0: supports D1 D2
pci 0000:01:00.1: reg 10: [mem 0xfe640000-0xfe643fff 64bit]
pci 0000:01:00.1: supports D1 D2
pci 0000:00:01.0: PCI bridge to [bus 01-01]
pci 0000:00:01.0:   bridge window [io  0xe000-0xefff]
pci 0000:00:01.0:   bridge window [mem 0xfe600000-0xfe6fffff]
pci 0000:00:01.0:   bridge window [mem 0xc0000000-0xcfffffff 64bit pref]
pci 0000:00:1c.0: PCI bridge to [bus 02-02]
pci 0000:00:1c.1: PCI bridge to [bus 03-03]
pci 0000:04:00.0: reg 10: [io  0xd000-0xd0ff]
pci 0000:04:00.0: reg 18: [mem 0xd0004000-0xd0004fff 64bit pref]
pci 0000:04:00.0: reg 20: [mem 0xd0000000-0xd0003fff 64bit pref]
pci 0000:04:00.0: supports D1 D2
pci 0000:04:00.0: PME# supported from D0 D1 D2 D3hot D3cold
pci 0000:04:00.0: PME# disabled
pci 0000:00:1c.2: PCI bridge to [bus 04-04]
pci 0000:00:1c.2:   bridge window [io  0xd000-0xdfff]
pci 0000:00:1c.2:   bridge window [mem 0xd0000000-0xd00fffff 64bit pref]
pci 0000:00:1c.3: PCI bridge to [bus 05-05]
pci 0000:00:1c.4: PCI bridge to [bus 06-06] (subtractive decode)
pci 0000:00:1c.4:   bridge window [io  0x0000-0x0cf7] (subtractive decode)
pci 0000:00:1c.4:   bridge window [io  0x0d00-0xffff] (subtractive decode)
pci 0000:00:1c.4:   bridge window [mem 0x000a0000-0x000bffff] (subtractive decode)
pci 0000:00:1c.4:   bridge window [mem 0xc0000000-0xffffffff] (subtractive decode)
pci 0000:00:1c.5: PCI bridge to [bus 07-07]
ACPI: PCI Interrupt Routing Table [\_SB_.PCI0._PRT]
ACPI: PCI Interrupt Routing Table [\_SB_.PCI0.P0P1._PRT]
ACPI: PCI Interrupt Routing Table [\_SB_.PCI0.PEX0._PRT]
ACPI: PCI Interrupt Routing Table [\_SB_.PCI0.PEX1._PRT]
ACPI: PCI Interrupt Routing Table [\_SB_.PCI0.PEX2._PRT]
ACPI: PCI Interrupt Routing Table [\_SB_.PCI0.PEX4._PRT]
 pci0000:00: Requesting ACPI _OSC control (0x1d)
 pci0000:00: ACPI _OSC control (0x1c) granted
ACPI: PCI Interrupt Link [LNKA] (IRQs 3 4 5 6 7 10 *11 12 14 15)
ACPI: PCI Interrupt Link [LNKB] (IRQs 3 4 5 6 7 *10 11 12 14 15)
ACPI: PCI Interrupt Link [LNKC] (IRQs 3 4 5 6 *10 11 12 14 15)
ACPI: PCI Interrupt Link [LNKD] (IRQs *3 4 5 6 10 11 12 14 15)
ACPI: PCI Interrupt Link [LNKE] (IRQs 3 4 5 6 *7 10 11 12 14 15)
ACPI: PCI Interrupt Link [LNKF] (IRQs *3 4 5 6 7 10 11 12 14 15)
ACPI: PCI Interrupt Link [LNKG] (IRQs 3 4 5 6 7 10 *11 12 14 15)
ACPI: PCI Interrupt Link [LNKH] (IRQs 3 4 5 6 *7 10 11 12 14 15)
vgaarb: device added: PCI:0000:01:00.0,decodes=io+mem,owns=io+mem,locks=none
vgaarb: loaded
vgaarb: bridge control possible 0000:01:00.0
SCSI subsystem initialized
libata version 3.00 loaded.
usbcore: registered new interface driver usbfs
usbcore: registered new interface driver hub
usbcore: registered new device driver usb
PCI: Using ACPI for IRQ routing
PCI: old code would have set cacheline size to 32 bytes, but clflush_size = 64
PCI: pci_cache_line_size set to 64 bytes
NetLabel: Initializing
NetLabel:  domain hash size = 128
NetLabel:  protocols = UNLABELED CIPSOv4
NetLabel:  unlabeled traffic allowed by default
  alloc irq_desc for 24 on node -1
  alloc kstat_irqs on node -1
  alloc irq_desc for 25 on node -1
  alloc kstat_irqs on node -1
  alloc irq_desc for 26 on node -1
  alloc kstat_irqs on node -1
  alloc irq_desc for 27 on node -1
  alloc kstat_irqs on node -1
HPET: 8 timers in total, 4 timers will be used for per-cpu timer
hpet0: at MMIO 0xfed00000, IRQs 2, 8, 24, 25, 26, 27, 0, 0
hpet0: 8 comparators, 64-bit 14.318180 MHz counter
hpet: hpet2 irq 24 for MSI
hpet: hpet3 irq 25 for MSI
hpet: hpet4 irq 26 for MSI
hpet: hpet5 irq 27 for MSI
Switching to clocksource hpet
pnp: PnP ACPI init
ACPI: bus type pnp registered
pnp 00:00: [io  0x0cf8-0x0cff]
pnp 00:00: Plug and Play ACPI device, IDs PNP0a08 PNP0a03 (active)
pnp 00:01: [mem 0xfed10000-0xfed19fff]
pnp 00:01: [mem 0xe0000000-0xe3ffffff]
pnp 00:01: [mem 0xfed90000-0xfed93fff]
pnp 00:01: [mem 0xfed20000-0xfed3ffff]
pnp 00:01: [mem 0xfee00000-0xfee0ffff]
pnp 00:01: Plug and Play ACPI device, IDs PNP0c01 (active)
pnp 00:02: [io  0x0000-0xffffffffffffffff disabled]
pnp 00:02: [io  0x0000-0xffffffffffffffff disabled]
pnp 00:02: [io  0x0290-0x029f]
pnp 00:02: [io  0x0000-0xffffffffffffffff disabled]
pnp 00:02: Plug and Play ACPI device, IDs PNP0c02 (active)
pnp 00:03: [io  0x0378-0x037f]
pnp 00:03: [irq 5]
pnp 00:03: [dma 0 disabled]
pnp 00:03: Plug and Play ACPI device, IDs PNP0400 (active)
pnp 00:04: [dma 4]
pnp 00:04: [io  0x0000-0x000f]
pnp 00:04: [io  0x0081-0x0083]
pnp 00:04: [io  0x0087]
pnp 00:04: [io  0x0089-0x008b]
pnp 00:04: [io  0x008f]
pnp 00:04: [io  0x00c0-0x00df]
pnp 00:04: Plug and Play ACPI device, IDs PNP0200 (active)
pnp 00:05: [io  0x0070-0x0071]
pnp 00:05: [irq 8]
pnp 00:05: Plug and Play ACPI device, IDs PNP0b00 (active)
pnp 00:06: [io  0x0061]
pnp 00:06: Plug and Play ACPI device, IDs PNP0800 (active)
pnp 00:07: [io  0x0010-0x001f]
pnp 00:07: [io  0x0022-0x003f]
pnp 00:07: [io  0x0044-0x005f]
pnp 00:07: [io  0x0063]
pnp 00:07: [io  0x0065]
pnp 00:07: [io  0x0067-0x006f]
pnp 00:07: [io  0x0072-0x007f]
pnp 00:07: [io  0x0080]
pnp 00:07: [io  0x0084-0x0086]
pnp 00:07: [io  0x0088]
pnp 00:07: [io  0x008c-0x008e]
pnp 00:07: [io  0x0090-0x009f]
pnp 00:07: [io  0x00a2-0x00bf]
pnp 00:07: [io  0x00e0-0x00ef]
pnp 00:07: [io  0x04d0-0x04d1]
pnp 00:07: Plug and Play ACPI device, IDs PNP0c02 (active)
pnp 00:08: [io  0x00f0-0x00ff]
pnp 00:08: [irq 13]
pnp 00:08: Plug and Play ACPI device, IDs PNP0c04 (active)
pnp 00:09: [io  0x03f8-0x03ff]
pnp 00:09: [irq 4]
pnp 00:09: [dma 0 disabled]
pnp 00:09: Plug and Play ACPI device, IDs PNP0501 (active)
pnp 00:0a: [io  0x0400-0x0453]
pnp 00:0a: [io  0x0458-0x047f]
pnp 00:0a: [io  0x0000-0xffffffffffffffff disabled]
pnp 00:0a: [io  0x0500-0x057f]
pnp 00:0a: [mem 0xfed1c000-0xfed1ffff]
pnp 00:0a: [mem 0xfec00000-0xfecfffff]
pnp 00:0a: [mem 0xfed08000-0xfed08fff]
pnp 00:0a: [mem 0xff000000-0xffffffff]
pnp 00:0a: Plug and Play ACPI device, IDs PNP0c01 (active)
pnp 00:0b: [io  0x0454-0x0457]
pnp 00:0b: Plug and Play ACPI device, IDs INT3f0d PNP0c02 (active)
pnp 00:0c: [mem 0xfed00000-0xfed003ff]
pnp 00:0c: Plug and Play ACPI device, IDs PNP0103 (active)
pnp: PnP ACPI: found 13 devices
ACPI: ACPI bus type pnp unregistered
system 00:01: [mem 0xfed10000-0xfed19fff] has been reserved
system 00:01: [mem 0xe0000000-0xe3ffffff] has been reserved
system 00:01: [mem 0xfed90000-0xfed93fff] has been reserved
system 00:01: [mem 0xfed20000-0xfed3ffff] has been reserved
system 00:01: [mem 0xfee00000-0xfee0ffff] has been reserved
system 00:02: [io  0x0290-0x029f] has been reserved
system 00:07: [io  0x04d0-0x04d1] has been reserved
system 00:0a: [io  0x0400-0x0453] has been reserved
system 00:0a: [io  0x0458-0x047f] has been reserved
system 00:0a: [io  0x0500-0x057f] has been reserved
system 00:0a: [mem 0xfed1c000-0xfed1ffff] has been reserved
system 00:0a: [mem 0xfec00000-0xfecfffff] could not be reserved
system 00:0a: [mem 0xfed08000-0xfed08fff] has been reserved
system 00:0a: [mem 0xff000000-0xffffffff] has been reserved
system 00:0b: [io  0x0454-0x0457] has been reserved
pci 0000:00:01.0: PCI bridge to [bus 01-01]
pci 0000:00:01.0:   bridge window [io  0xe000-0xefff]
pci 0000:00:01.0:   bridge window [mem 0xfe600000-0xfe6fffff]
pci 0000:00:01.0:   bridge window [mem 0xc0000000-0xcfffffff 64bit pref]
pci 0000:00:1c.0: PCI bridge to [bus 02-02]
pci 0000:00:1c.1: PCI bridge to [bus 03-03]
pci 0000:00:1c.2: PCI bridge to [bus 04-04]
pci 0000:00:1c.2:   bridge window [io  0xd000-0xdfff]
pci 0000:00:1c.2:   bridge window [mem 0xd0000000-0xd00fffff 64bit pref]
pci 0000:00:1c.3: PCI bridge to [bus 05-05]
pci 0000:00:1c.4: PCI bridge to [bus 06-06]
pci 0000:00:1c.5: PCI bridge to [bus 07-07]
  alloc irq_desc for 16 on node -1
  alloc kstat_irqs on node -1
pci 0000:00:01.0: PCI INT A -> GSI 16 (level, low) -> IRQ 16
pci 0000:00:01.0: setting latency timer to 64
  alloc irq_desc for 17 on node -1
  alloc kstat_irqs on node -1
pci 0000:00:1c.0: PCI INT A -> GSI 17 (level, low) -> IRQ 17
pci 0000:00:1c.0: setting latency timer to 64
pci 0000:00:1c.1: PCI INT B -> GSI 16 (level, low) -> IRQ 16
pci 0000:00:1c.1: setting latency timer to 64
  alloc irq_desc for 18 on node -1
  alloc kstat_irqs on node -1
pci 0000:00:1c.2: PCI INT C -> GSI 18 (level, low) -> IRQ 18
pci 0000:00:1c.2: setting latency timer to 64
  alloc irq_desc for 19 on node -1
  alloc kstat_irqs on node -1
pci 0000:00:1c.3: PCI INT D -> GSI 19 (level, low) -> IRQ 19
pci 0000:00:1c.3: setting latency timer to 64
pci 0000:00:1c.4: PCI INT A -> GSI 17 (level, low) -> IRQ 17
pci 0000:00:1c.4: setting latency timer to 64
pci 0000:00:1c.5: PCI INT B -> GSI 16 (level, low) -> IRQ 16
pci 0000:00:1c.5: setting latency timer to 64
pci_bus 0000:00: resource 4 [io  0x0000-0x0cf7]
pci_bus 0000:00: resource 5 [io  0x0d00-0xffff]
pci_bus 0000:00: resource 6 [mem 0x000a0000-0x000bffff]
pci_bus 0000:00: resource 7 [mem 0xc0000000-0xffffffff]
pci_bus 0000:01: resource 0 [io  0xe000-0xefff]
pci_bus 0000:01: resource 1 [mem 0xfe600000-0xfe6fffff]
pci_bus 0000:01: resource 2 [mem 0xc0000000-0xcfffffff 64bit pref]
pci_bus 0000:04: resource 0 [io  0xd000-0xdfff]
pci_bus 0000:04: resource 2 [mem 0xd0000000-0xd00fffff 64bit pref]
pci_bus 0000:06: resource 4 [io  0x0000-0x0cf7]
pci_bus 0000:06: resource 5 [io  0x0d00-0xffff]
pci_bus 0000:06: resource 6 [mem 0x000a0000-0x000bffff]
pci_bus 0000:06: resource 7 [mem 0xc0000000-0xffffffff]
NET: Registered protocol family 2
IP route cache hash table entries: 262144 (order: 9, 2097152 bytes)
TCP established hash table entries: 524288 (order: 11, 8388608 bytes)
TCP bind hash table entries: 65536 (order: 8, 1048576 bytes)
TCP: Hash tables configured (established 524288 bind 65536)
TCP reno registered
NET: Registered protocol family 1
  alloc irq_desc for 23 on node -1
  alloc kstat_irqs on node -1
pci 0000:00:1a.0: PCI INT A -> GSI 23 (level, low) -> IRQ 23
pci 0000:00:1a.0: PCI INT A disabled
pci 0000:00:1d.0: PCI INT A -> GSI 23 (level, low) -> IRQ 23
pci 0000:00:1d.0: PCI INT A disabled
pci 0000:01:00.0: Boot video device
Trying to unpack rootfs image as initramfs...
Freeing initrd memory: 22550k freed
PCI-DMA: Using software bounce buffering for IO (SWIOTLB)
Placing 64MB software IO TLB between ffff880020000000 - ffff880024000000
software IO TLB at phys 0x20000000 - 0x24000000
sha256_ssse3: Using AVX optimized SHA-256 implementation
futex hash table entries: 1024 (order: 4, 65536 bytes)
audit: initializing netlink socket (disabled)
type=2000 audit(1472658614.599:1): initialized
HugeTLB registered 2 MB page size, pre-allocated 0 pages
VFS: Disk quotas dquot_6.5.2
Dquot-cache hash table entries: 512 (order 0, 4096 bytes)
msgmni has been set to 15702
SELinux:  Registering netfilter hooks
ksign: Installing public key data
Loading keyring
- Added public key 38D3C7164438F9
- User ID: Red Hat, Inc. (Kernel Module GPG key)
- Added public key D4A26C9CCD09BEDA
- User ID: Red Hat Enterprise Linux Driver Update Program <secalert@redhat.com>
- Added public key CB445E0DA3EA1F65
- User ID: Red Hat Enterprise Linux Driver Update Program (key 4) <secalert@redhat.com>
Block layer SCSI generic (bsg) driver version 0.4 loaded (major 250)
io scheduler noop registered
io scheduler anticipatory registered
io scheduler deadline registered
io scheduler cfq registered (default)
pcieport 0000:00:01.0: setting latency timer to 64
  alloc irq_desc for 28 on node -1
  alloc kstat_irqs on node -1
pcieport 0000:00:01.0: irq 28 for MSI/MSI-X
pcieport 0000:00:1c.0: setting latency timer to 64
  alloc irq_desc for 29 on node -1
  alloc kstat_irqs on node -1
pcieport 0000:00:1c.0: irq 29 for MSI/MSI-X
pcieport 0000:00:1c.1: setting latency timer to 64
  alloc irq_desc for 30 on node -1
  alloc kstat_irqs on node -1
pcieport 0000:00:1c.1: irq 30 for MSI/MSI-X
pcieport 0000:00:1c.2: setting latency timer to 64
  alloc irq_desc for 31 on node -1
  alloc kstat_irqs on node -1
pcieport 0000:00:1c.2: irq 31 for MSI/MSI-X
pcieport 0000:00:1c.3: setting latency timer to 64
  alloc irq_desc for 32 on node -1
  alloc kstat_irqs on node -1
pcieport 0000:00:1c.3: irq 32 for MSI/MSI-X
pcieport 0000:00:1c.5: setting latency timer to 64
  alloc irq_desc for 33 on node -1
  alloc kstat_irqs on node -1
pcieport 0000:00:1c.5: irq 33 for MSI/MSI-X
pci_hotplug: PCI Hot Plug PCI Core version: 0.5
pciehp: PCI Express Hot Plug Controller Driver version: 0.4
acpiphp: ACPI Hot Plug PCI Controller Driver version: 0.5
input: Power Button as /devices/LNXSYSTM:00/LNXSYBUS:00/PNP0C0C:00/input/input0
ACPI: Power Button [PWRB]
input: Power Button as /devices/LNXSYSTM:00/LNXPWRBN:00/input/input1
ACPI: Power Button [PWRF]
ACPI: acpi_idle yielding to intel_idleACPI: SSDT 00000000bf5ddc18 0038C (v01    AMI      IST 00000001 MSFT 03000001)
ACPI: SSDT 00000000bf5dee18 00084 (v01    AMI      CST 00000001 MSFT 03000001)
[Firmware Bug]: No valid trip found
GHES: HEST is not enabled!
Non-volatile memory driver v1.3
Linux agpgart interface v0.103
crash memory driver: version 1.1
Serial: 8250/16550 driver, 4 ports, IRQ sharing enabled
serial8250: ttyS0 at I/O 0x3f8 (irq = 4) is a 16550A
00:09: ttyS0 at I/O 0x3f8 (irq = 4) is a 16550A
brd: module loaded
loop: module loaded
input: Macintosh mouse button emulation as /devices/virtual/input/input2
Fixed MDIO Bus: probed
ehci_hcd: USB 2.0 'Enhanced' Host Controller (EHCI) Driver
ehci_hcd 0000:00:1a.0: PCI INT A -> GSI 23 (level, low) -> IRQ 23
ehci_hcd 0000:00:1a.0: setting latency timer to 64
ehci_hcd 0000:00:1a.0: EHCI Host Controller
ehci_hcd 0000:00:1a.0: new USB bus registered, assigned bus number 1
ehci_hcd 0000:00:1a.0: debug port 2
ehci_hcd 0000:00:1a.0: cache line size of 64 is not supported
ehci_hcd 0000:00:1a.0: irq 23, io mem 0xfe706000
ehci_hcd 0000:00:1a.0: USB 2.0 started, EHCI 1.00
usb usb1: New USB device found, idVendor=1d6b, idProduct=0002
usb usb1: New USB device strings: Mfr=3, Product=2, SerialNumber=1
usb usb1: Product: EHCI Host Controller
usb usb1: Manufacturer: Linux 2.6.32-642.3.1.el6.x86_64 ehci_hcd
usb usb1: SerialNumber: 0000:00:1a.0
usb usb1: configuration #1 chosen from 1 choice
hub 1-0:1.0: USB hub found
hub 1-0:1.0: 2 ports detected
ehci_hcd 0000:00:1d.0: PCI INT A -> GSI 23 (level, low) -> IRQ 23
ehci_hcd 0000:00:1d.0: setting latency timer to 64
ehci_hcd 0000:00:1d.0: EHCI Host Controller
ehci_hcd 0000:00:1d.0: new USB bus registered, assigned bus number 2
ehci_hcd 0000:00:1d.0: debug port 2
ehci_hcd 0000:00:1d.0: cache line size of 64 is not supported
ehci_hcd 0000:00:1d.0: irq 23, io mem 0xfe705000
ehci_hcd 0000:00:1d.0: USB 2.0 started, EHCI 1.00
usb usb2: New USB device found, idVendor=1d6b, idProduct=0002
usb usb2: New USB device strings: Mfr=3, Product=2, SerialNumber=1
usb usb2: Product: EHCI Host Controller
usb usb2: Manufacturer: Linux 2.6.32-642.3.1.el6.x86_64 ehci_hcd
usb usb2: SerialNumber: 0000:00:1d.0
usb usb2: configuration #1 chosen from 1 choice
hub 2-0:1.0: USB hub found
hub 2-0:1.0: 2 ports detected
ohci_hcd: USB 1.1 'Open' Host Controller (OHCI) Driver
uhci_hcd: USB Universal Host Controller Interface driver
PNP: No PS/2 controller found. Probing ports directly.
serio: i8042 KBD port at 0x60,0x64 irq 1
serio: i8042 AUX port at 0x60,0x64 irq 12
mice: PS/2 mouse device common for all mice
rtc_cmos 00:05: RTC can wake from S4
rtc_cmos 00:05: rtc core: registered rtc_cmos as rtc0
rtc0: alarms up to one month, y3k, 114 bytes nvram, hpet irqs
cpuidle: using governor ladder
cpuidle: using governor menu
EFI Variables Facility v0.08 2004-May-17
usbcore: registered new interface driver hiddev
usbcore: registered new interface driver usbhid
usbhid: v2.6:USB HID core driver
GRE over IPv4 demultiplexor driver
TCP cubic registered
Initializing XFRM netlink socket
NET: Registered protocol family 17
registered taskstats version 1
rtc_cmos 00:05: setting system clock to 2016-08-31 15:50:15 UTC (1472658615)
Initalizing network drop monitor service
Freeing unused kernel memory: 1316k freed
Write protecting the kernel read-only data: 10240k
Freeing unused kernel memory: 672k freed
Freeing unused kernel memory: 1556k freed
dracut: dracut-004-409.el6_8.2
dracut: rd_NO_LUKS: removing cryptoluks activation
device-mapper: uevent: version 1.0.3
device-mapper: ioctl: 4.33.1-ioctl (2015-8-18) initialised: dm-devel@redhat.com
udev: starting version 147
[drm] Initialized drm 1.1.0 20060810
[drm] radeon kernel modesetting enabled.
radeon 0000:01:00.0: PCI INT A -> GSI 16 (level, low) -> IRQ 16
[drm] initializing kernel modesetting (CEDAR 0x1002:0x68F9 0x174B:0xE164).
[drm] register mmio base: 0xFE620000
[drm] register mmio size: 131072
ATOM BIOS: C09302
radeon 0000:01:00.0: VRAM: 1024M 0x0000000000000000 - 0x000000003FFFFFFF (1024M used)
radeon 0000:01:00.0: GTT: 1024M 0x0000000040000000 - 0x000000007FFFFFFF
[drm] Detected VRAM RAM=1024M, BAR=256M
[drm] RAM width 64bits DDR
[TTM] Zone  kernel: Available graphics memory: 4021736 kiB
[TTM] Zone   dma32: Available graphics memory: 2097152 kiB
[TTM] Initializing pool allocator
[TTM] Initializing DMA pool allocator
[drm] radeon: 1024M of VRAM memory ready
[drm] radeon: 1024M of GTT memory ready.
[drm] Loading CEDAR Microcode
radeon 0000:01:00.0: firmware: requesting radeon/CEDAR_pfp.bin
radeon 0000:01:00.0: firmware: requesting radeon/CEDAR_me.bin
radeon 0000:01:00.0: firmware: requesting radeon/CEDAR_rlc.bin
radeon 0000:01:00.0: firmware: requesting radeon/CEDAR_smc.bin
[drm] Internal thermal controller with fan control
[drm] radeon: dpm initialized
radeon 0000:01:00.0: firmware: requesting radeon/CYPRESS_uvd.bin
[drm] GART: num cpu pages 262144, num gpu pages 262144
[drm] PCIE GART of 1024M enabled (table at 0x000000000025E000).
radeon 0000:01:00.0: WB enabled
radeon 0000:01:00.0: fence driver on ring 0 use gpu addr 0x0000000040000c00 and cpu addr 0xffff8802352ebc00
radeon 0000:01:00.0: fence driver on ring 3 use gpu addr 0x0000000040000c0c and cpu addr 0xffff8802352ebc0c
radeon 0000:01:00.0: fence driver on ring 5 use gpu addr 0x000000000005c418 and cpu addr 0xffffc90005c9c418
[drm] Supports vblank timestamp caching Rev 2 (21.10.2013).
[drm] Driver supports precise vblank timestamp query.
  alloc irq_desc for 34 on node -1
  alloc kstat_irqs on node -1
radeon 0000:01:00.0: irq 34 for MSI/MSI-X
radeon 0000:01:00.0: radeon: using MSI.
[drm] radeon: irq initialized.
radeon 0000:01:00.0: setting latency timer to 64
[drm] ring test on 0 succeeded in 1 usecs
[drm] ring test on 3 succeeded in 2 usecs
usb 1-1: new high speed USB device number 2 using ehci_hcd
usb 1-1: New USB device found, idVendor=8087, idProduct=0024
usb 1-1: New USB device strings: Mfr=0, Product=0, SerialNumber=0
usb 1-1: configuration #1 chosen from 1 choice
hub 1-1:1.0: USB hub found
hub 1-1:1.0: 4 ports detected
[drm] ring test on 5 succeeded in 1 usecs
[drm] UVD initialized successfully.
[drm] ib test on ring 0 succeeded in 0 usecs
[drm] ib test on ring 3 succeeded in 0 usecs
usb 2-1: new high speed USB device number 2 using ehci_hcd
usb 2-1: New USB device found, idVendor=8087, idProduct=0024
usb 2-1: New USB device strings: Mfr=0, Product=0, SerialNumber=0
usb 2-1: configuration #1 chosen from 1 choice
hub 2-1:1.0: USB hub found
hub 2-1:1.0: 6 ports detected
Refined TSC clocksource calibration: 3292.520 MHz.
Switching to clocksource tsc
usb 2-1.2: new low speed USB device number 3 using ehci_hcd
usb 2-1.2: New USB device found, idVendor=03f0, idProduct=0024
usb 2-1.2: New USB device strings: Mfr=1, Product=2, SerialNumber=0
usb 2-1.2: Product: HP Basic USB Keyboard
usb 2-1.2: Manufacturer: CHICONY
usb 2-1.2: configuration #1 chosen from 1 choice
input: CHICONY HP Basic USB Keyboard as /devices/pci0000:00/0000:00:1d.0/usb2/2-1/2-1.2/2-1.2:1.0/input/input3
generic-usb 0003:03F0:0024.0001: input,hidraw0: USB HID v1.11 Keyboard [CHICONY HP Basic USB Keyboard] on usb-0000:00:1d.0-1.2/input0
usb 2-1.4: new high speed USB device number 4 using ehci_hcd
[drm] ib test on ring 5 succeeded
[drm] Radeon Display Connectors
[drm] Connector 0:
[drm]   HDMI-A-1
[drm]   HPD2
[drm]   DDC: 0x6440 0x6440 0x6444 0x6444 0x6448 0x6448 0x644c 0x644c
[drm]   Encoders:
[drm]     DFP1: INTERNAL_UNIPHY1
[drm] Connector 1:
[drm]   DVI-I-1
[drm]   HPD4
[drm]   DDC: 0x6460 0x6460 0x6464 0x6464 0x6468 0x6468 0x646c 0x646c
[drm]   Encoders:
[drm]     DFP2: INTERNAL_UNIPHY
[drm]     CRT1: INTERNAL_KLDSCP_DAC1
[drm] Connector 2:
[drm]   VGA-1
[drm]   DDC: 0x6430 0x6430 0x6434 0x6434 0x6438 0x6438 0x643c 0x643c
[drm]   Encoders:
[drm]     CRT2: INTERNAL_KLDSCP_DAC2
[drm] fb mappable at 0xC045F000
[drm] vram apper at 0xC0000000
[drm] size 8294400
[drm] fb depth is 24
[drm]    pitch is 7680
fbcon: radeondrmfb (fb0) is primary device
Console: switching to colour frame buffer device 240x67
radeon 0000:01:00.0: fb0: radeondrmfb frame buffer device
usb 2-1.4: New USB device found, idVendor=05e3, idProduct=0608
usb 2-1.4: New USB device strings: Mfr=0, Product=1, SerialNumber=0
usb 2-1.4: Product: USB2.0 Hub
usb 2-1.4: configuration #1 chosen from 1 choice
hub 2-1.4:1.0: USB hub found
hub 2-1.4:1.0: 4 ports detected
[drm] Initialized radeon 2.43.0 20080528 for 0000:01:00.0 on minor 0
usb 2-1.5: new full speed USB device number 5 using ehci_hcd
dracut: Starting plymouth daemon
usb 2-1.5: New USB device found, idVendor=2a03, idProduct=0042
usb 2-1.5: New USB device strings: Mfr=1, Product=2, SerialNumber=220
usb 2-1.5: Product: Arduino Mega    
usb 2-1.5: Manufacturer: Arduino Srl            
usb 2-1.5: SerialNumber: 85438333036351C071C1
usb 2-1.5: configuration #1 chosen from 1 choice
dracut: rd_NO_DM: removing DM RAID activation
dracut: rd_NO_MD: removing MD RAID activation
usb 2-1.6: new low speed USB device number 6 using ehci_hcd
ata_piix 0000:00:1f.2: version 2.13
  alloc irq_desc for 20 on node -1
  alloc kstat_irqs on node -1
ata_piix 0000:00:1f.2: PCI INT B -> GSI 20 (level, low) -> IRQ 20
ata_piix 0000:00:1f.2: MAP [ P0 P2 P1 P3 ]
usb 2-1.6: New USB device found, idVendor=046d, idProduct=c05b
usb 2-1.6: New USB device strings: Mfr=1, Product=2, SerialNumber=0
usb 2-1.6: Product: USB Optical Mouse
usb 2-1.6: Manufacturer: Logitech
usb 2-1.6: configuration #1 chosen from 1 choice
input: Logitech USB Optical Mouse as /devices/pci0000:00/0000:00:1d.0/usb2/2-1/2-1.6/2-1.6:1.0/input/input4
generic-usb 0003:046D:C05B.0002: input,hidraw1: USB HID v1.11 Mouse [Logitech USB Optical Mouse] on usb-0000:00:1d.0-1.6/input0
usb 2-1.4.1: new full speed USB device number 7 using ehci_hcd
ata_piix 0000:00:1f.2: setting latency timer to 64
scsi0 : ata_piix
scsi1 : ata_piix
ata1: SATA max UDMA/133 cmd 0xf0d0 ctl 0xf0c0 bmdma 0xf090 irq 20
ata2: SATA max UDMA/133 cmd 0xf0b0 ctl 0xf0a0 bmdma 0xf098 irq 20
ata_piix 0000:00:1f.5: PCI INT B -> GSI 20 (level, low) -> IRQ 20
ata_piix 0000:00:1f.5: MAP [ P0 -- P1 -- ]
usb 2-1.4.1: New USB device found, idVendor=0711, idProduct=0230
usb 2-1.4.1: New USB device strings: Mfr=1, Product=2, SerialNumber=3
usb 2-1.4.1: Product: USB Ver1.2 Device
usb 2-1.4.1: Manufacturer: USB-RS232 Interface Converter
usb 2-1.4.1: SerialNumber: 203893
usb 2-1.4.1: configuration #1 chosen from 1 choice
usb 2-1.4.3: new high speed USB device number 8 using ehci_hcd
ata_piix 0000:00:1f.5: SCR access via SIDPR is available but doesn't work
ata_piix 0000:00:1f.5: setting latency timer to 64
scsi2 : ata_piix
scsi3 : ata_piix
ata3: SATA max UDMA/133 cmd 0xf070 ctl 0xf060 bmdma 0xf030 irq 20
ata4: SATA max UDMA/133 cmd 0xf050 ctl 0xf040 bmdma 0xf038 irq 20
usb 2-1.4.3: New USB device found, idVendor=0403, idProduct=6011
usb 2-1.4.3: New USB device strings: Mfr=1, Product=2, SerialNumber=3
usb 2-1.4.3: Product: USB <-> Serial Cable
usb 2-1.4.3: Manufacturer: FTDI
usb 2-1.4.3: SerialNumber: FTVVXRKO
usb 2-1.4.3: configuration #1 chosen from 1 choice
usb 2-1.4.4: new high speed USB device number 9 using ehci_hcd
usb 2-1.4.4: New USB device found, idVendor=05e3, idProduct=0608
usb 2-1.4.4: New USB device strings: Mfr=0, Product=1, SerialNumber=0
usb 2-1.4.4: Product: USB2.0 Hub
usb 2-1.4.4: configuration #1 chosen from 1 choice
hub 2-1.4.4:1.0: USB hub found
hub 2-1.4.4:1.0: 4 ports detected
usb 2-1.4.4.3: new full speed USB device number 10 using ehci_hcd
usb 2-1.4.4.3: New USB device found, idVendor=0711, idProduct=0231
usb 2-1.4.4.3: New USB device strings: Mfr=1, Product=2, SerialNumber=0
usb 2-1.4.4.3: Product: Serial Mouse Adaptor
usb 2-1.4.4.3: Manufacturer: MCT Corp.
usb 2-1.4.4.3: configuration #1 chosen from 1 choice
input: MCT Corp. Serial Mouse Adaptor as /devices/pci0000:00/0000:00:1d.0/usb2/2-1/2-1.4/2-1.4.4/2-1.4.4.3/2-1.4.4.3:1.0/input/input5
generic-usb 0003:0711:0231.0003: input,hidraw2: USB HID v1.10 Mouse [MCT Corp. Serial Mouse Adaptor] on usb-0000:00:1d.0-1.4.4.3/input0
usb 2-1.4.4.4: new full speed USB device number 11 using ehci_hcd
usb 2-1.4.4.4: New USB device found, idVendor=0403, idProduct=6001
usb 2-1.4.4.4: New USB device strings: Mfr=1, Product=2, SerialNumber=3
usb 2-1.4.4.4: Product: USB-RS485 Cable
usb 2-1.4.4.4: Manufacturer: FTDI
usb 2-1.4.4.4: SerialNumber: FTYQ2UKI
usb 2-1.4.4.4: configuration #1 chosen from 1 choice
ata2.01: failed to resume link (SControl 0)
ata1.01: failed to resume link (SControl 0)
ata2.00: SATA link up 3.0 Gbps (SStatus 123 SControl 300)
ata2.01: SATA link down (SStatus 0 SControl 0)
ata1.00: SATA link up 1.5 Gbps (SStatus 113 SControl 300)
ata1.01: SATA link down (SStatus 0 SControl 0)
ata1.01: link offline, clearing class 3 to NONE
ata1.00: ATAPI: TSSTcorp CDDVDW SH-222AB, SB01, max UDMA/100
ata1.00: configured for UDMA/100
scsi 0:0:0:0: CD-ROM            TSSTcorp CDDVDW SH-222AB  SB01 PQ: 0 ANSI: 5
ata2.00: ATA-8: SAMSUNG HD103SI, 1AQ10001, max UDMA/133
ata2.00: 1953525168 sectors, multi 16: LBA48 NCQ (depth 0/32)
ata2.00: configured for UDMA/133
scsi 1:0:0:0: Direct-Access     ATA      SAMSUNG HD103SI  0001 PQ: 0 ANSI: 5
sr0: scsi3-mmc drive: 48x/48x writer dvd-ram cd/rw xa/form2 cdda tray
Uniform CD-ROM driver Revision: 3.20
sr 0:0:0:0: Attached scsi CD-ROM sr0
sd 1:0:0:0: [sda] 1953525168 512-byte logical blocks: (1.00 TB/931 GiB)
sd 1:0:0:0: [sda] Write Protect is off
sd 1:0:0:0: [sda] Mode Sense: 00 3a 00 00
sd 1:0:0:0: [sda] Write cache: enabled, read cache: enabled, doesn't support DPO or FUA
 sda: sda1 sda2
sd 1:0:0:0: [sda] Attached SCSI disk
dracut: Scanning devices sda2  for LVM logical volumes vg_pcatl03/lv_swap vg_pcatl03/lv_root 
dracut: inactive '/dev/vg_pcatl03/lv_root' [50.00 GiB] inherit
dracut: inactive '/dev/vg_pcatl03/lv_home' [873.21 GiB] inherit
dracut: inactive '/dev/vg_pcatl03/lv_swap' [7.81 GiB] inherit
EXT4-fs (dm-0): mounted filesystem with ordered data mode. Opts: 
dracut: Mounted root filesystem /dev/mapper/vg_pcatl03-lv_root
dracut: Loading SELinux policy
type=1404 audit(1472658620.787:2): enforcing=1 old_enforcing=0 auid=4294967295 ses=4294967295
SELinux: 2048 avtab hash slots, 306596 rules.
SELinux: 2048 avtab hash slots, 306596 rules.
SELinux:  9 users, 12 roles, 4211 types, 236 bools, 1 sens, 1024 cats
SELinux:  81 classes, 306596 rules
SELinux:  Completing initialization.
SELinux:  Setting up existing superblocks.
SELinux: initialized (dev dm-0, type ext4), uses xattr
SELinux: initialized (dev drm, type drm), not configured for labeling
SELinux: initialized (dev tmpfs, type tmpfs), uses transition SIDs
SELinux: initialized (dev usbfs, type usbfs), uses genfs_contexts
SELinux: initialized (dev selinuxfs, type selinuxfs), uses genfs_contexts
SELinux: initialized (dev mqueue, type mqueue), uses transition SIDs
SELinux: initialized (dev hugetlbfs, type hugetlbfs), uses transition SIDs
SELinux: initialized (dev devpts, type devpts), uses transition SIDs
SELinux: initialized (dev inotifyfs, type inotifyfs), uses genfs_contexts
SELinux: initialized (dev anon_inodefs, type anon_inodefs), uses genfs_contexts
SELinux: initialized (dev pipefs, type pipefs), uses task SIDs
SELinux: initialized (dev debugfs, type debugfs), uses genfs_contexts
SELinux: initialized (dev sockfs, type sockfs), uses task SIDs
SELinux: initialized (dev devtmpfs, type devtmpfs), uses transition SIDs
SELinux: initialized (dev tmpfs, type tmpfs), uses transition SIDs
SELinux: initialized (dev proc, type proc), uses genfs_contexts
SELinux: initialized (dev bdev, type bdev), uses genfs_contexts
SELinux: initialized (dev rootfs, type rootfs), uses genfs_contexts
SELinux: initialized (dev sysfs, type sysfs), uses genfs_contexts
type=1403 audit(1472658621.375:3): policy loaded auid=4294967295 ses=4294967295
dracut: 
dracut: Switching root
udev: starting version 147
  alloc irq_desc for 22 on node -1
  alloc kstat_irqs on node -1
snd_hda_intel 0000:00:1b.0: PCI INT A -> GSI 22 (level, low) -> IRQ 22
  alloc irq_desc for 35 on node -1
  alloc kstat_irqs on node -1
snd_hda_intel 0000:00:1b.0: irq 35 for MSI/MSI-X
snd_hda_intel 0000:00:1b.0: setting latency timer to 64
snd_hda_intel 0000:01:00.1: PCI INT B -> GSI 17 (level, low) -> IRQ 17
snd_hda_intel 0000:01:00.1: Handle VGA-switcheroo audio client
sound hdaudioC0D0: autoconfig for ALC887-VD: line_outs=1 (0x14/0x0/0x0/0x0/0x0) type:line
sound hdaudioC0D0:    speaker_outs=0 (0x0/0x0/0x0/0x0/0x0)
sound hdaudioC0D0:    hp_outs=1 (0x1b/0x0/0x0/0x0/0x0)
sound hdaudioC0D0:    mono: mono_out=0x0
sound hdaudioC0D0:    dig-out=0x11/0x0
sound hdaudioC0D0:    inputs:
sound hdaudioC0D0:      Front Mic=0x19
sound hdaudioC0D0:      Rear Mic=0x18
sound hdaudioC0D0:      Line=0x1a
input: HDA Intel PCH Front Mic as /devices/pci0000:00/0000:00:1b.0/sound/card0/input6
input: HDA Intel PCH Rear Mic as /devices/pci0000:00/0000:00:1b.0/sound/card0/input7
input: HDA Intel PCH Line as /devices/pci0000:00/0000:00:1b.0/sound/card0/input8
input: HDA Intel PCH Line Out as /devices/pci0000:00/0000:00:1b.0/sound/card0/input9
input: HDA Intel PCH Front Headphone as /devices/pci0000:00/0000:00:1b.0/sound/card0/input10
snd_hda_intel 0000:01:00.1: setting latency timer to 64
r8169 Gigabit Ethernet driver 2.3LK-NAPI loaded
r8169 0000:04:00.0: PCI INT A -> GSI 18 (level, low) -> IRQ 18
r8169 0000:04:00.0: setting latency timer to 64
  alloc irq_desc for 36 on node -1
  alloc kstat_irqs on node -1
r8169 0000:04:00.0: irq 36 for MSI/MSI-X
r8169 0000:04:00.0: eth0: RTL8168evl/8111evl at 0xffffc90005c7e000, 14:da:e9:96:36:64, XID 0c900800 IRQ 36
r8169 0000:04:00.0: eth0: jumbo features [frames: 9200 bytes, tx checksumming: ko]
input: HDA ATI HDMI HDMI/DP,pcm=3 as /devices/pci0000:00/0000:00:01.0/0000:01:00.1/sound/card1/input11
i801_smbus 0000:00:1f.3: PCI INT C -> GSI 18 (level, low) -> IRQ 18
i801_smbus 0000:00:1f.3: SMBus using PCI interrupt
sr 0:0:0:0: Attached scsi generic sg0 type 5
sd 1:0:0:0: Attached scsi generic sg1 type 0
cdc_acm 2-1.5:1.0: ttyACM0: USB ACM device
usbcore: registered new interface driver cdc_acm
cdc_acm: v0.26:USB Abstract Control Model driver for USB modems and ISDN adapters
usbcore: registered new interface driver usbserial
USB Serial support registered for generic
usbcore: registered new interface driver usbserial_generic
usbserial: USB Serial Driver core
USB Serial support registered for MCT U232
mct_u232 2-1.4.1:1.0: MCT U232 converter detected
usb 2-1.4.1: MCT U232 converter now attached to ttyUSB0
usbcore: registered new interface driver mct_u232
mct_u232: z2.1:Magic Control Technology USB-RS232 converter driver
USB Serial support registered for FTDI USB Serial Device
ftdi_sio 2-1.4.3:1.0: FTDI USB Serial Device converter detected
usb 2-1.4.3: Detected FT4232H
usb 2-1.4.3: Number of endpoints 2
usb 2-1.4.3: Endpoint 1 MaxPacketSize 512
usb 2-1.4.3: Endpoint 2 MaxPacketSize 512
usb 2-1.4.3: Setting MaxPacketSize 512
usb 2-1.4.3: FTDI USB Serial Device converter now attached to ttyUSB1
ftdi_sio 2-1.4.3:1.1: FTDI USB Serial Device converter detected
usb 2-1.4.3: Detected FT4232H
usb 2-1.4.3: Number of endpoints 2
usb 2-1.4.3: Endpoint 1 MaxPacketSize 512
usb 2-1.4.3: Endpoint 2 MaxPacketSize 512
usb 2-1.4.3: Setting MaxPacketSize 512
usb 2-1.4.3: FTDI USB Serial Device converter now attached to ttyUSB2
ftdi_sio 2-1.4.3:1.2: FTDI USB Serial Device converter detected
usb 2-1.4.3: Detected FT4232H
usb 2-1.4.3: Number of endpoints 2
usb 2-1.4.3: Endpoint 1 MaxPacketSize 512
usb 2-1.4.3: Endpoint 2 MaxPacketSize 512
usb 2-1.4.3: Setting MaxPacketSize 512
usb 2-1.4.3: FTDI USB Serial Device converter now attached to ttyUSB3
ftdi_sio 2-1.4.3:1.3: FTDI USB Serial Device converter detected
usb 2-1.4.3: Detected FT4232H
usb 2-1.4.3: Number of endpoints 2
usb 2-1.4.3: Endpoint 1 MaxPacketSize 512
usb 2-1.4.3: Endpoint 2 MaxPacketSize 512
usb 2-1.4.3: Setting MaxPacketSize 512
usb 2-1.4.3: FTDI USB Serial Device converter now attached to ttyUSB4
ftdi_sio 2-1.4.4.4:1.0: FTDI USB Serial Device converter detected
usb 2-1.4.4.4: Detected FT232RL
usb 2-1.4.4.4: Number of endpoints 2
usb 2-1.4.4.4: Endpoint 1 MaxPacketSize 64
usb 2-1.4.4.4: Endpoint 2 MaxPacketSize 64
usb 2-1.4.4.4: Setting MaxPacketSize 64
usb 2-1.4.4.4: FTDI USB Serial Device converter now attached to ttyUSB5
usbcore: registered new interface driver ftdi_sio
ftdi_sio: v1.5.0:USB FTDI Serial Converters Driver
microcode: CPU0 sig=0x206a7, pf=0x2, revision=0x1a
platform microcode: firmware: requesting intel-ucode/06-2a-07
microcode: CPU1 sig=0x206a7, pf=0x2, revision=0x1a
platform microcode: firmware: requesting intel-ucode/06-2a-07
microcode: CPU2 sig=0x206a7, pf=0x2, revision=0x1a
platform microcode: firmware: requesting intel-ucode/06-2a-07
microcode: CPU3 sig=0x206a7, pf=0x2, revision=0x1a
platform microcode: firmware: requesting intel-ucode/06-2a-07
Microcode Update Driver: v2.00 <tigran@aivazian.fsnet.co.uk>, Peter Oruba
iTCO_vendor_support: vendor-support=0
microcode: CPU0 updated to revision 0x29, date = 2013-06-12 
microcode: CPU1 updated to revision 0x29, date = 2013-06-12 
microcode: CPU2 updated to revision 0x29, date = 2013-06-12 
microcode: CPU3 updated to revision 0x29, date = 2013-06-12 
iTCO_wdt: Intel TCO WatchDog Timer Driver v1.11rh
iTCO_wdt: Found a Cougar Point TCO device (Version=2, TCOBASE=0x0460)
iTCO_wdt: initialized. heartbeat=30 sec (nowayout=0)
parport_pc 00:03: reported by Plug and Play ACPI
parport0: PC-style at 0x378, irq 5 [PCSPP]
ppdev: user-space parallel port driver
kvm: disabled by bios
tun: Universal TUN/TAP device driver, 1.6
tun: (C) 1999-2004 Max Krasnyansky <maxk@qualcomm.com>
EXT4-fs (sda1): mounted filesystem with ordered data mode. Opts: 
SELinux: initialized (dev sda1, type ext4), uses xattr
EXT4-fs (dm-2): mounted filesystem with ordered data mode. Opts: 
SELinux: initialized (dev dm-2, type ext4), uses xattr
Adding 8191996k swap on /dev/mapper/vg_pcatl03-lv_swap.  Priority:-1 extents:1 across:8191996k 
SELinux: initialized (dev binfmt_misc, type binfmt_misc), uses genfs_contexts
SELinux: initialized (dev cgroup, type cgroup), uses genfs_contexts
SELinux: initialized (dev cgroup, type cgroup), uses genfs_contexts
SELinux: initialized (dev cgroup, type cgroup), uses genfs_contexts
SELinux: initialized (dev cgroup, type cgroup), uses genfs_contexts
SELinux: initialized (dev cgroup, type cgroup), uses genfs_contexts
SELinux: initialized (dev cgroup, type cgroup), uses genfs_contexts
SELinux: initialized (dev cgroup, type cgroup), uses genfs_contexts
SELinux: initialized (dev cgroup, type cgroup), uses genfs_contexts
NET: Registered protocol family 10
lo: Disabled Privacy Extensions
ip6_tables: (C) 2000-2006 Netfilter Core Team
nf_conntrack version 0.5.0 (16384 buckets, 65536 max)
ip_tables: (C) 2000-2006 Netfilter Core Team
r8169 0000:04:00.0: firmware: requesting rtl_nic/rtl8168e-3.fw
r8169 0000:04:00.0: eth0: link down
r8169 0000:04:00.0: eth0: link down
ADDRCONF(NETDEV_UP): eth0: link is not ready
r8169 0000:04:00.0: eth0: link up
ADDRCONF(NETDEV_CHANGE): eth0: link becomes ready
eth0: no IPv6 routers present
type=1305 audit(1472658678.710:4): audit_pid=2470 old=0 auid=4294967295 ses=4294967295 subj=system_u:system_r:auditd_t:s0 res=1
vboxdrv: Found 4 processor cores
vboxdrv: TSC mode is Invariant, tentative frequency 3292515823 Hz
vboxdrv: Successfully loaded version 5.0.24 (interface 0x00240000)
VBoxNetFlt: Successfully started.
VBoxNetAdp: Successfully started.
VBoxPciLinuxInit
vboxpci: IOMMU not found (not compiled)
802.1Q VLAN Support v1.8 Ben Greear <greearb@candelatech.com>
All bugs added by David S. Miller <davem@redhat.com>
RPC: Registered named UNIX socket transport module.
RPC: Registered udp transport module.
RPC: Registered tcp transport module.
RPC: Registered tcp NFSv4.1 backchannel transport module.
SELinux: initialized (dev rpc_pipefs, type rpc_pipefs), uses genfs_contexts
SELinux: initialized (dev autofs, type autofs), uses genfs_contexts
SELinux: initialized (dev autofs, type autofs), uses genfs_contexts
SELinux: initialized (dev autofs, type autofs), uses genfs_contexts
Bridge firewalling registered
device virbr0-nic entered promiscuous mode
virbr0: starting userspace STP failed, starting kernel STP
Ebtables v2.0 registered
SELinux: initialized (dev mqueue, type mqueue), uses transition SIDs
SELinux: initialized (dev proc, type proc), uses genfs_contexts
SELinux: initialized (dev mqueue, type mqueue), uses transition SIDs
lo: Disabled Privacy Extensions
SELinux: initialized (dev proc, type proc), uses genfs_contexts
snd_hda_intel 0000:01:00.1: IRQ timing workaround is activated for card #1. Suggest a bigger bdl_pos_adj.
fuse init (API version 7.14)
ISO 9660 Extensions: Microsoft Joliet Level 1
ISOFS: changing to secondary root
SELinux: initialized (dev sr0, type iso9660), uses genfs_contexts
usb 2-1.4.1: USB disconnect, device number 7
mct_u232 ttyUSB0: MCT U232 converter now disconnected from ttyUSB0
mct_u232 2-1.4.1:1.0: device disconnected
usb 2-1.4.4.3: USB disconnect, device number 10
usb 2-1.4.4.4: USB disconnect, device number 11
ftdi_sio ttyUSB5: FTDI USB Serial Device converter now disconnected from ttyUSB5
ftdi_sio 2-1.4.4.4:1.0: device disconnected
usb 2-1.4.3: USB disconnect, device number 8
ftdi_sio ttyUSB1: FTDI USB Serial Device converter now disconnected from ttyUSB1
ftdi_sio 2-1.4.3:1.0: device disconnected
ftdi_sio ttyUSB2: FTDI USB Serial Device converter now disconnected from ttyUSB2
ftdi_sio 2-1.4.3:1.1: device disconnected
ftdi_sio ttyUSB3: FTDI USB Serial Device converter now disconnected from ttyUSB3
ftdi_sio 2-1.4.3:1.2: device disconnected
ftdi_sio ttyUSB4: FTDI USB Serial Device converter now disconnected from ttyUSB4
ftdi_sio 2-1.4.3:1.3: device disconnected
usb 2-1.4.3: new high speed USB device number 12 using ehci_hcd
usb 2-1.4.3: New USB device found, idVendor=0403, idProduct=6011
usb 2-1.4.3: New USB device strings: Mfr=1, Product=2, SerialNumber=3
usb 2-1.4.3: Product: USB <-> Serial Cable
usb 2-1.4.3: Manufacturer: FTDI
usb 2-1.4.3: SerialNumber: FTVVXRKO
usb 2-1.4.3: configuration #1 chosen from 1 choice
ftdi_sio 2-1.4.3:1.0: FTDI USB Serial Device converter detected
usb 2-1.4.3: Detected FT4232H
usb 2-1.4.3: Number of endpoints 2
usb 2-1.4.3: Endpoint 1 MaxPacketSize 512
usb 2-1.4.3: Endpoint 2 MaxPacketSize 512
usb 2-1.4.3: Setting MaxPacketSize 512
usb 2-1.4.3: FTDI USB Serial Device converter now attached to ttyUSB0
ftdi_sio 2-1.4.3:1.1: FTDI USB Serial Device converter detected
usb 2-1.4.3: Detected FT4232H
usb 2-1.4.3: Number of endpoints 2
usb 2-1.4.3: Endpoint 1 MaxPacketSize 512
usb 2-1.4.3: Endpoint 2 MaxPacketSize 512
usb 2-1.4.3: Setting MaxPacketSize 512
usb 2-1.4.3: FTDI USB Serial Device converter now attached to ttyUSB1
ftdi_sio 2-1.4.3:1.2: FTDI USB Serial Device converter detected
usb 2-1.4.3: Detected FT4232H
usb 2-1.4.3: Number of endpoints 2
usb 2-1.4.3: Endpoint 1 MaxPacketSize 512
usb 2-1.4.3: Endpoint 2 MaxPacketSize 512
usb 2-1.4.3: Setting MaxPacketSize 512
usb 2-1.4.3: FTDI USB Serial Device converter now attached to ttyUSB2
ftdi_sio 2-1.4.3:1.3: FTDI USB Serial Device converter detected
usb 2-1.4.3: Detected FT4232H
usb 2-1.4.3: Number of endpoints 2
usb 2-1.4.3: Endpoint 1 MaxPacketSize 512
usb 2-1.4.3: Endpoint 2 MaxPacketSize 512
usb 2-1.4.3: Setting MaxPacketSize 512
usb 2-1.4.3: FTDI USB Serial Device converter now attached to ttyUSB3
usb 2-1.4.4.4: new full speed USB device number 13 using ehci_hcd
usb 2-1.4.4.4: New USB device found, idVendor=0403, idProduct=6001
usb 2-1.4.4.4: New USB device strings: Mfr=1, Product=2, SerialNumber=3
usb 2-1.4.4.4: Product: USB-RS485 Cable
usb 2-1.4.4.4: Manufacturer: FTDI
usb 2-1.4.4.4: SerialNumber: FTYQ2UKI
usb 2-1.4.4.4: configuration #1 chosen from 1 choice
ftdi_sio 2-1.4.4.4:1.0: FTDI USB Serial Device converter detected
usb 2-1.4.4.4: Detected FT232RL
usb 2-1.4.4.4: Number of endpoints 2
usb 2-1.4.4.4: Endpoint 1 MaxPacketSize 64
usb 2-1.4.4.4: Endpoint 2 MaxPacketSize 64
usb 2-1.4.4.4: Setting MaxPacketSize 64
usb 2-1.4.4.4: FTDI USB Serial Device converter now attached to ttyUSB5
usb 2-1.4.4.4: USB disconnect, device number 13
ftdi_sio ttyUSB5: FTDI USB Serial Device converter now disconnected from ttyUSB5
ftdi_sio 2-1.4.4.4:1.0: device disconnected
usb 2-1.4.4.4: new full speed USB device number 14 using ehci_hcd
usb 2-1.4.4.4: New USB device found, idVendor=0403, idProduct=6001
usb 2-1.4.4.4: New USB device strings: Mfr=1, Product=2, SerialNumber=3
usb 2-1.4.4.4: Product: USB-RS485 Cable
usb 2-1.4.4.4: Manufacturer: FTDI
usb 2-1.4.4.4: SerialNumber: FTYQ2UKI
usb 2-1.4.4.4: configuration #1 chosen from 1 choice
ftdi_sio 2-1.4.4.4:1.0: FTDI USB Serial Device converter detected
usb 2-1.4.4.4: Detected FT232RL
usb 2-1.4.4.4: Number of endpoints 2
usb 2-1.4.4.4: Endpoint 1 MaxPacketSize 64
usb 2-1.4.4.4: Endpoint 2 MaxPacketSize 64
usb 2-1.4.4.4: Setting MaxPacketSize 64
usb 2-1.4.4.4: FTDI USB Serial Device converter now attached to ttyUSB5
usb 2-1.4.4.4: USB disconnect, device number 14
ftdi_sio ttyUSB5: FTDI USB Serial Device converter now disconnected from ttyUSB5
ftdi_sio 2-1.4.4.4:1.0: device disconnected
snd_hda_intel 0000:00:1b.0: Unstable LPIB (352800 >= 176400); disabling LPIB delay counting
usb 2-1.4.3: USB disconnect, device number 12
ftdi_sio ttyUSB0: FTDI USB Serial Device converter now disconnected from ttyUSB0
ftdi_sio 2-1.4.3:1.0: device disconnected
ftdi_sio ttyUSB1: FTDI USB Serial Device converter now disconnected from ttyUSB1
ftdi_sio 2-1.4.3:1.1: device disconnected
ftdi_sio ttyUSB2: FTDI USB Serial Device converter now disconnected from ttyUSB2
ftdi_sio 2-1.4.3:1.2: device disconnected
ftdi_sio ttyUSB3: FTDI USB Serial Device converter now disconnected from ttyUSB3
ftdi_sio 2-1.4.3:1.3: device disconnected
usb 2-1.4.4.3: new full speed USB device number 15 using ehci_hcd
usb 2-1.4.4.3: New USB device found, idVendor=0403, idProduct=6001
usb 2-1.4.4.3: New USB device strings: Mfr=1, Product=2, SerialNumber=3
usb 2-1.4.4.3: Product: USB-RS485 Cable
usb 2-1.4.4.3: Manufacturer: FTDI
usb 2-1.4.4.3: SerialNumber: FTYQ2UKI
usb 2-1.4.4.3: configuration #1 chosen from 1 choice
ftdi_sio 2-1.4.4.3:1.0: FTDI USB Serial Device converter detected
usb 2-1.4.4.3: Detected FT232RL
usb 2-1.4.4.3: Number of endpoints 2
usb 2-1.4.4.3: Endpoint 1 MaxPacketSize 64
usb 2-1.4.4.3: Endpoint 2 MaxPacketSize 64
usb 2-1.4.4.3: Setting MaxPacketSize 64
usb 2-1.4.4.3: FTDI USB Serial Device converter now attached to ttyUSB0
usb 2-1.4.3: new high speed USB device number 16 using ehci_hcd
usb 2-1.4.3: New USB device found, idVendor=0403, idProduct=6011
usb 2-1.4.3: New USB device strings: Mfr=1, Product=2, SerialNumber=3
usb 2-1.4.3: Product: USB <-> Serial Cable
usb 2-1.4.3: Manufacturer: FTDI
usb 2-1.4.3: SerialNumber: FTVVXRKO
usb 2-1.4.3: configuration #1 chosen from 1 choice
ftdi_sio 2-1.4.3:1.0: FTDI USB Serial Device converter detected
usb 2-1.4.3: Detected FT4232H
usb 2-1.4.3: Number of endpoints 2
usb 2-1.4.3: Endpoint 1 MaxPacketSize 512
usb 2-1.4.3: Endpoint 2 MaxPacketSize 512
usb 2-1.4.3: Setting MaxPacketSize 512
usb 2-1.4.3: FTDI USB Serial Device converter now attached to ttyUSB1
ftdi_sio 2-1.4.3:1.1: FTDI USB Serial Device converter detected
usb 2-1.4.3: Detected FT4232H
usb 2-1.4.3: Number of endpoints 2
usb 2-1.4.3: Endpoint 1 MaxPacketSize 512
usb 2-1.4.3: Endpoint 2 MaxPacketSize 512
usb 2-1.4.3: Setting MaxPacketSize 512
usb 2-1.4.3: FTDI USB Serial Device converter now attached to ttyUSB2
ftdi_sio 2-1.4.3:1.2: FTDI USB Serial Device converter detected
usb 2-1.4.3: Detected FT4232H
usb 2-1.4.3: Number of endpoints 2
usb 2-1.4.3: Endpoint 1 MaxPacketSize 512
usb 2-1.4.3: Endpoint 2 MaxPacketSize 512
usb 2-1.4.3: Setting MaxPacketSize 512
usb 2-1.4.3: FTDI USB Serial Device converter now attached to ttyUSB3
ftdi_sio 2-1.4.3:1.3: FTDI USB Serial Device converter detected
usb 2-1.4.3: Detected FT4232H
usb 2-1.4.3: Number of endpoints 2
usb 2-1.4.3: Endpoint 1 MaxPacketSize 512
usb 2-1.4.3: Endpoint 2 MaxPacketSize 512
usb 2-1.4.3: Setting MaxPacketSize 512
usb 2-1.4.3: FTDI USB Serial Device converter now attached to ttyUSB4
usb 2-1.4.4.3: USB disconnect, device number 15
ftdi_sio ttyUSB0: FTDI USB Serial Device converter now disconnected from ttyUSB0
ftdi_sio 2-1.4.4.3:1.0: device disconnected
usb 2-1.4.3: USB disconnect, device number 16
ftdi_sio ttyUSB1: FTDI USB Serial Device converter now disconnected from ttyUSB1
ftdi_sio 2-1.4.3:1.0: device disconnected
ftdi_sio ttyUSB2: FTDI USB Serial Device converter now disconnected from ttyUSB2
ftdi_sio 2-1.4.3:1.1: device disconnected
ftdi_sio ttyUSB3: FTDI USB Serial Device converter now disconnected from ttyUSB3
ftdi_sio 2-1.4.3:1.2: device disconnected
ftdi_sio ttyUSB4: FTDI USB Serial Device converter now disconnected from ttyUSB4
ftdi_sio 2-1.4.3:1.3: device disconnected
usb 2-1.4.3: new high speed USB device number 17 using ehci_hcd
usb 2-1.4.3: New USB device found, idVendor=0403, idProduct=6011
usb 2-1.4.3: New USB device strings: Mfr=1, Product=2, SerialNumber=3
usb 2-1.4.3: Product: USB <-> Serial Cable
usb 2-1.4.3: Manufacturer: FTDI
usb 2-1.4.3: SerialNumber: FTVVXRKO
usb 2-1.4.3: configuration #1 chosen from 1 choice
ftdi_sio 2-1.4.3:1.0: FTDI USB Serial Device converter detected
usb 2-1.4.3: Detected FT4232H
usb 2-1.4.3: Number of endpoints 2
usb 2-1.4.3: Endpoint 1 MaxPacketSize 512
usb 2-1.4.3: Endpoint 2 MaxPacketSize 512
usb 2-1.4.3: Setting MaxPacketSize 512
usb 2-1.4.3: FTDI USB Serial Device converter now attached to ttyUSB0
ftdi_sio 2-1.4.3:1.1: FTDI USB Serial Device converter detected
usb 2-1.4.3: Detected FT4232H
usb 2-1.4.3: Number of endpoints 2
usb 2-1.4.3: Endpoint 1 MaxPacketSize 512
usb 2-1.4.3: Endpoint 2 MaxPacketSize 512
usb 2-1.4.3: Setting MaxPacketSize 512
usb 2-1.4.3: FTDI USB Serial Device converter now attached to ttyUSB1
ftdi_sio 2-1.4.3:1.2: FTDI USB Serial Device converter detected
usb 2-1.4.3: Detected FT4232H
usb 2-1.4.3: Number of endpoints 2
usb 2-1.4.3: Endpoint 1 MaxPacketSize 512
usb 2-1.4.3: Endpoint 2 MaxPacketSize 512
usb 2-1.4.3: Setting MaxPacketSize 512
usb 2-1.4.3: FTDI USB Serial Device converter now attached to ttyUSB2
ftdi_sio 2-1.4.3:1.3: FTDI USB Serial Device converter detected
usb 2-1.4.3: Detected FT4232H
usb 2-1.4.3: Number of endpoints 2
usb 2-1.4.3: Endpoint 1 MaxPacketSize 512
usb 2-1.4.3: Endpoint 2 MaxPacketSize 512
usb 2-1.4.3: Setting MaxPacketSize 512
usb 2-1.4.3: FTDI USB Serial Device converter now attached to ttyUSB3
usb 2-1.4.4.4: new full speed USB device number 18 using ehci_hcd
usb 2-1.4.4.4: New USB device found, idVendor=0403, idProduct=6001
usb 2-1.4.4.4: New USB device strings: Mfr=1, Product=2, SerialNumber=3
usb 2-1.4.4.4: Product: USB-RS485 Cable
usb 2-1.4.4.4: Manufacturer: FTDI
usb 2-1.4.4.4: SerialNumber: FTYQ2UKI
usb 2-1.4.4.4: configuration #1 chosen from 1 choice
ftdi_sio 2-1.4.4.4:1.0: FTDI USB Serial Device converter detected
usb 2-1.4.4.4: Detected FT232RL
usb 2-1.4.4.4: Number of endpoints 2
usb 2-1.4.4.4: Endpoint 1 MaxPacketSize 64
usb 2-1.4.4.4: Endpoint 2 MaxPacketSize 64
usb 2-1.4.4.4: Setting MaxPacketSize 64
usb 2-1.4.4.4: FTDI USB Serial Device converter now attached to ttyUSB4
usb 2-1.4.4.3: new full speed USB device number 19 using ehci_hcd
usb 2-1.4.4.3: New USB device found, idVendor=0711, idProduct=0230
usb 2-1.4.4.3: New USB device strings: Mfr=1, Product=2, SerialNumber=3
usb 2-1.4.4.3: Product: USB Ver1.2 Device
usb 2-1.4.4.3: Manufacturer: USB-RS232 Interface Converter
usb 2-1.4.4.3: SerialNumber: 204196
usb 2-1.4.4.3: configuration #1 chosen from 1 choice
mct_u232 2-1.4.4.3:1.0: MCT U232 converter detected
usb 2-1.4.4.3: MCT U232 converter now attached to ttyUSB5
usb 2-1.4.1: new full speed USB device number 20 using ehci_hcd
usb 2-1.4.1: New USB device found, idVendor=0711, idProduct=0230
usb 2-1.4.1: New USB device strings: Mfr=1, Product=2, SerialNumber=3
usb 2-1.4.1: Product: USB Ver1.2 Device
usb 2-1.4.1: Manufacturer: USB-RS232 Interface Converter
usb 2-1.4.1: SerialNumber: 203893
usb 2-1.4.1: configuration #1 chosen from 1 choice
mct_u232 2-1.4.1:1.0: MCT U232 converter detected
usb 2-1.4.1: MCT U232 converter now attached to ttyUSB6
